2025-09-07 21:19:55,246 - INFO - 🚀 Starting simplified CodeT5 environment setup...
2025-09-07 21:19:55,247 - INFO - Step 1: Installing essential dependencies...
2025-09-07 21:19:55,247 - INFO - 📦 Installing essential CodeT5 dependencies...
2025-09-07 21:19:55,247 - INFO - Installing transformers==4.35.0
2025-09-07 21:19:55,534 - INFO - ✅ transformers installed successfully
2025-09-07 21:19:55,535 - INFO - Installing torch==2.1.0
2025-09-07 21:19:55,817 - WARNING - ⚠️ torch installation failed: ERROR: Could not find a version that satisfies the requirement torch==2.1.0 (from versions: 2.2.0, 2.2.1, 2.2.2, 2.3.0, 2.3.1, 2.4.0, 2.4.1, 2.5.0, 2.5.1, 2.6.0, 2.7.0, 2.7.1, 2.8.0)
ERROR: No matching distribution found for torch==2.1.0

2025-09-07 21:19:55,817 - INFO - Installing sentencepiece==0.2.1
2025-09-07 21:19:56,084 - INFO - ✅ sentencepiece installed successfully
2025-09-07 21:19:56,084 - INFO - Installing numpy==1.24.0
2025-09-07 21:19:57,845 - WARNING - ⚠️ numpy installation failed:   error: subprocess-exited-with-error
  
  × Getting requirements to build wheel did not run successfully.
  │ exit code: 1
  ╰─> [33 lines of output]
      Traceback (most recent call last):
        File "/Users/bakr/miniforge3/lib/python3.12/site-packages/pip/_vendor/pyproject_hooks/_in_process/_in_process.py", line 389, in <module>
          main()
        File "/Users/bakr/miniforge3/lib/python3.12/site-packages/pip/_vendor/pyproject_hooks/_in_process/_in_process.py", line 373, in main
          json_out["return_val"] = hook(**hook_input["kwargs"])
                                   ^^^^^^^^^^^^^^^^^^^^^^^^^^^^
        File "/Users/bakr/miniforge3/lib/python3.12/site-packages/pip/_vendor/pyproject_hooks/_in_process/_in_process.py", line 137, in get_requires_for_build_wheel
          backend = _build_backend()
                    ^^^^^^^^^^^^^^^^
        File "/Users/bakr/miniforge3/lib/python3.12/site-packages/pip/_vendor/pyproject_hooks/_in_process/_in_process.py", line 70, in _build_backend
          obj = import_module(mod_path)
                ^^^^^^^^^^^^^^^^^^^^^^^
        File "/Users/bakr/miniforge3/lib/python3.12/importlib/__init__.py", line 90, in import_module
          return _bootstrap._gcd_import(name[level:], package, level)
                 ^^^^^^^^^^^^^^^^^^^^^^^^^^^^^^^^^^^^^^^^^^^^^^^^^^^^
        File "<frozen importlib._bootstrap>", line 1387, in _gcd_import
        File "<frozen importlib._bootstrap>", line 1360, in _find_and_load
        File "<frozen importlib._bootstrap>", line 1310, in _find_and_load_unlocked
        File "<frozen importlib._bootstrap>", line 488, in _call_with_frames_removed
        File "<frozen importlib._bootstrap>", line 1387, in _gcd_import
        File "<frozen importlib._bootstrap>", line 1360, in _find_and_load
        File "<frozen importlib._bootstrap>", line 1331, in _find_and_load_unlocked
        File "<frozen importlib._bootstrap>", line 935, in _load_unlocked
        File "<frozen importlib._bootstrap_external>", line 999, in exec_module
        File "<frozen importlib._bootstrap>", line 488, in _call_with_frames_removed
        File "/private/var/folders/ql/btm7z5tx32ddpsky8z3bz4_r0000gn/T/pip-build-env-a2dkfipl/overlay/lib/python3.12/site-packages/setuptools/__init__.py", line 16, in <module>
          import setuptools.version
        File "/private/var/folders/ql/btm7z5tx32ddpsky8z3bz4_r0000gn/T/pip-build-env-a2dkfipl/overlay/lib/python3.12/site-packages/setuptools/version.py", line 1, in <module>
          import pkg_resources
        File "/private/var/folders/ql/btm7z5tx32ddpsky8z3bz4_r0000gn/T/pip-build-env-a2dkfipl/overlay/lib/python3.12/site-packages/pkg_resources/__init__.py", line 2172, in <module>
          register_finder(pkgutil.ImpImporter, find_on_path)
                          ^^^^^^^^^^^^^^^^^^^
      AttributeError: module 'pkgutil' has no attribute 'ImpImporter'. Did you mean: 'zipimporter'?
      [end of output]
  
  note: This error originates from a subprocess, and is likely not a problem with pip.
error: subprocess-exited-with-error

× Getting requirements to build wheel did not run successfully.
│ exit code: 1
╰─> See above for output.

note: This error originates from a subprocess, and is likely not a problem with pip.

2025-09-07 21:19:57,845 - INFO - Installing tqdm==4.66.0
2025-09-07 21:19:58,112 - INFO - ✅ tqdm installed successfully
2025-09-07 21:19:58,112 - INFO - Step 2: Verifying installation...
2025-09-07 21:19:58,112 - INFO - 🔍 Verifying essential CodeT5 installation...
2025-09-07 21:19:59,515 - INFO - ✅ transformers import successful
2025-09-07 21:19:59,515 - INFO - ✅ torch import successful
2025-09-07 21:19:59,515 - INFO - ✅ sentencepiece import successful
2025-09-07 21:19:59,515 - INFO - ✅ numpy import successful
2025-09-07 21:19:59,515 - INFO - ✅ tqdm import successful
2025-09-07 21:19:59,515 - INFO - Step 3: Testing CodeT5 model...
2025-09-07 21:19:59,515 - INFO - 🧪 Testing CodeT5 model...
2025-09-07 21:19:59,515 - INFO - Loading CodeT5 model and tokenizer...
2025-09-07 21:20:01,389 - ERROR - ❌ CodeT5 model test failed: not a string
2025-09-07 21:20:01,434 - INFO - Step 4: Creating output directories...
2025-09-07 21:20:01,434 - INFO - 📁 Creating output directories...
2025-09-07 21:20:01,434 - INFO - ✅ Created directory: ./codet5-vulnerability-model
2025-09-07 21:20:01,434 - INFO - ✅ Created directory: ./codet5-vulnerability-model/checkpoints
2025-09-07 21:20:01,434 - INFO - ✅ Created directory: ./codet5-vulnerability-model/logs
2025-09-07 21:20:01,434 - INFO - ✅ Created directory: ./codet5-vulnerability-model/generated_variants
2025-09-07 21:20:01,434 - INFO - ✅ Created directory: ./codet5-vulnerability-model/evaluation_results
2025-09-07 21:20:01,434 - INFO - ✅ Created directory: ./data/codet5_training
2025-09-07 21:20:01,434 - INFO - ✅ Created directory: ./data/codet5_validation
2025-09-07 21:20:01,434 - INFO - ✅ Created directory: ./data/codet5_test
